00:11:08 **** Incremental Build of configuration Debug for project ESD_Project_Demo1 ****
make -j8 all 
arm-none-eabi-gcc "../Core/Src/main.c" -mcpu=cortex-m4 -std=gnu11 -g3 -DDEBUG -DUSE_HAL_DRIVER -DSTM32F407xx -c -I../USB_HOST/App -I../USB_HOST/Target -I../Core/Inc -I../Drivers/STM32F4xx_HAL_Driver/Inc -I../Drivers/STM32F4xx_HAL_Driver/Inc/Legacy -I../Middlewares/ST/STM32_USB_Host_Library/Core/Inc -I../Middlewares/ST/STM32_USB_Host_Library/Class/CDC/Inc -I../Drivers/CMSIS/Device/ST/STM32F4xx/Include -I../Drivers/CMSIS/Include -O0 -ffunction-sections -fdata-sections -Wall -fstack-usage -MMD -MP -MF"Core/Src/main.d" -MT"Core/Src/main.o" --specs=nano.specs -mfpu=fpv4-sp-d16 -mfloat-abi=hard -mthumb -o "Core/Src/main.o"
arm-none-eabi-gcc -o "ESD_Project_Demo1.elf" @"objects.list"   -mcpu=cortex-m4 -T"C:\Users\Maxmi\Desktop\ESD_Project\ESD_Project_Demo1\STM32F407VGTX_FLASH.ld" --specs=nosys.specs -Wl,-Map="ESD_Project_Demo1.map" -Wl,--gc-sections -static --specs=nano.specs -mfpu=fpv4-sp-d16 -mfloat-abi=hard -mthumb -Wl,--start-group -lc -lm -Wl,--end-group
Finished building target: ESD_Project_Demo1.elf
 
arm-none-eabi-size   ESD_Project_Demo1.elf 
arm-none-eabi-objdump -h -S  ESD_Project_Demo1.elf  > "ESD_Project_Demo1.list"
   text	   data	    bss	    dec	    hex	filename
  39504	    152	   3752	  43408	   a990	ESD_Project_Demo1.elf
Finished building: default.size.stdout
 
Finished building: ESD_Project_Demo1.list
 

00:11:10 Build Finished. 0 errors, 0 warnings. (took 1s.978ms)

